
> backend@1.0.0 test
> jest tests/penjual.test.js --verbose

  console.log
    Γ£à Database MySQL Terhubung melalui Sequelize!

      at log (config/db.js:20:13)

  console.log
    Γ£à Database tables synchronized!

      at log (config/db.js:24:13)

node.exe : PASS tests/penjual.test.js
At line:1 char:1
+ & "C:\Program Files\nodejs/node.exe" "C:\Program Files\nodejs/node_mo ...
+ ~~~~~~~~~~~~~~~~~~~~~~~~~~~~~~~~~~~~~~~~~~~~~~~~~~~~~~~~~~~~~~~~~~~~~
    + CategoryInfo          : NotSpecified: (PASS tests/penjual.test.js:String 
   ) [], RemoteException
    + FullyQualifiedErrorId : NativeCommandError
 
  Pengujian API Penjual - Manajemen Menu
    ΓêÜ AC-01: Harus berhasil menambahkan menu baru jika form lengkap (9 ms)
    ΓêÜ AC-02: Harus menolak penambahan menu jika harga atau stok kosong (4 ms)
    ΓêÜ AC-03: Harus berhasil memperbarui harga dan stok menu secara real-time 
(8 ms)
    ΓêÜ AC-04: Harus berhasil menghapus menu (8 ms)
  Pengujian API Penjual - Manajemen Pesanan
    ΓêÜ AC-05: Harus berhasil menyelesaikan pesanan dan mencairkan dana ke 
penjual (19 ms)
    ΓêÜ AC-06: Harus berhasil menolak pesanan dan melakukan refund ke saldo 
pembeli (17 ms)
  Pengujian API Penjual - Manajemen Keuangan (Withdraw)
    ΓêÜ AC-07: Harus berhasil membuat request tarik uang jika nominal 
mencukupi (8 ms)
    ΓêÜ AC-08: Harus menolak request tarik uang jika nominal melebihi saldo (7 
ms)
    ΓêÜ AC-09: Harus berhasil approve tarik uang oleh admin dan kurangi saldo 
penjual (8 ms)
    ΓêÜ AC-10: Harus menolak approve tarik uang jika saldo tidak mencukupi (9 
ms)

Test Suites: 1 passed, 1 total
Tests:       10 passed, 10 total
Snapshots:   0 total
Time:        1.092 s, estimated 2 s
Ran all test suites matching /tests\\penjual.test.js/i.
